[2026-02-01 20:44:23] [INFO] 프로그램이 시작되었습니다.
[2026-02-01 20:44:35] [INFO] 프로그램이 종료되었습니다.
[2026-02-01 20:47:33] [INFO] 프로그램이 시작되었습니다.
[2026-02-01 20:47:55] [INFO] 브라우저를 시작합니다...
[2026-02-01 20:48:03] [INFO] 페이지 접속 중: https://web.33m2.co.kr/guest/search
[2026-02-01 20:48:05] [INFO] 페이지 접속이 완료되었습니다.
[2026-02-01 20:48:35] [INFO] 크롤링을 시작합니다. 목표: 2개
[2026-02-01 20:49:16] [INFO] 크롤링이 완료되었습니다. 총 2개 수집
[2026-02-01 20:49:43] [INFO] 엑셀 파일 저장 완료: D:/AGENT_AI/CURSOR/33m2-crawler/data/33m2_숙소목록_20260201_204933.xlsx
[2026-02-01 20:56:08] [INFO] 브라우저를 종료합니다.
[2026-02-01 20:56:11] [INFO] 프로그램이 종료되었습니다.
[2026-02-01 20:59:24] [INFO] 프로그램이 시작되었습니다.
[2026-02-01 20:59:26] [INFO] 브라우저를 시작합니다...
[2026-02-01 20:59:34] [INFO] 페이지 접속 중: https://web.33m2.co.kr/guest/search
[2026-02-01 20:59:36] [INFO] 페이지 접속이 완료되었습니다.
[2026-02-01 21:00:15] [INFO] 크롤링을 시작합니다. 목표: 5개
[2026-02-01 21:01:57] [INFO] 크롤링이 완료되었습니다. 총 5개 수집
[2026-02-01 21:02:18] [INFO] 엑셀 파일 저장 완료: D:/AGENT_AI/CURSOR/33m2-crawler/data/33m2_숙소목록_20260201_210213.xlsx
[2026-02-01 21:04:43] [INFO] 브라우저를 종료합니다.
[2026-02-01 21:04:45] [INFO] 프로그램이 종료되었습니다.
[2026-02-01 21:11:04] [INFO] 프로그램이 시작되었습니다.
[2026-02-01 21:11:28] [INFO] 브라우저를 시작합니다...
[2026-02-01 21:11:36] [INFO] 페이지 접속 중: https://web.33m2.co.kr/guest/search
[2026-02-01 21:11:38] [INFO] 페이지 접속이 완료되었습니다.
[2026-02-01 21:11:53] [INFO] 크롤링을 시작합니다. 목표: 5개
[2026-02-01 21:13:35] [INFO] 크롤링이 완료되었습니다. 총 5개 수집
[2026-02-01 21:13:50] [INFO] 엑셀 파일 저장 완료: D:/AGENT_AI/CURSOR/33m2-crawler/data/33m2_숙소목록_20260201_211345.xlsx
[2026-02-01 21:19:16] [INFO] 브라우저를 종료합니다.
[2026-02-01 21:19:19] [INFO] 프로그램이 종료되었습니다.
[2026-02-01 21:24:44] [INFO] 프로그램이 시작되었습니다.
[2026-02-01 21:25:22] [INFO] 프로그램이 종료되었습니다.
[2026-02-01 21:27:31] [INFO] 프로그램이 시작되었습니다.
[2026-02-01 21:27:38] [INFO] 브라우저를 시작합니다...
[2026-02-01 21:27:45] [INFO] 페이지 접속 중: https://web.33m2.co.kr/guest/search
[2026-02-01 21:27:47] [INFO] 페이지 접속이 완료되었습니다.
[2026-02-01 21:28:40] [INFO] 크롤링을 시작합니다. 목표: 10개
[2026-02-01 21:32:33] [INFO] 크롤링이 완료되었습니다. 총 10개 수집
[2026-02-01 21:32:58] [INFO] 엑셀 파일 저장 완료: D:/AGENT_AI/CURSOR/33m2-crawler/data/33m2_숙소목록_20260201_213253.xlsx
[2026-02-01 21:33:59] [INFO] 브라우저를 종료합니다.
[2026-02-01 21:34:02] [INFO] 프로그램이 종료되었습니다.
[2026-02-01 21:39:25] [INFO] 프로그램이 시작되었습니다.
[2026-02-01 21:39:27] [INFO] 브라우저를 시작합니다...
[2026-02-01 21:39:35] [INFO] 페이지 접속 중: https://web.33m2.co.kr/guest/search
[2026-02-01 21:39:36] [INFO] 페이지 접속이 완료되었습니다.
[2026-02-01 21:39:56] [INFO] 크롤링을 시작합니다. 목표: 3개
[2026-02-01 21:40:57] [INFO] 크롤링이 완료되었습니다. 총 3개 수집
[2026-02-01 21:41:04] [INFO] 엑셀 파일 저장 완료: D:/AGENT_AI/CURSOR/33m2-crawler/data/33m2_숙소목록_20260201_214100.xlsx
[2026-02-01 21:43:41] [INFO] 브라우저를 종료합니다.
[2026-02-01 21:43:43] [INFO] 프로그램이 종료되었습니다.
[2026-02-01 21:46:40] [INFO] 프로그램이 시작되었습니다.
[2026-02-01 21:46:59] [INFO] 브라우저를 시작합니다...
[2026-02-01 21:47:06] [INFO] 페이지 접속 중: https://web.33m2.co.kr/guest/search
[2026-02-01 21:47:08] [INFO] 페이지 접속이 완료되었습니다.
[2026-02-01 21:47:15] [INFO] 크롤링을 시작합니다. 목표: 10개
[2026-02-01 21:50:58] [INFO] 크롤링이 완료되었습니다. 총 10개 수집
[2026-02-01 21:51:16] [INFO] 엑셀 파일 저장 완료: D:/AGENT_AI/CURSOR/33m2-crawler/data/33m2_숙소목록_20260201_215111.xlsx
[2026-02-01 21:51:41] [INFO] 브라우저를 종료합니다.
[2026-02-01 21:51:44] [INFO] 프로그램이 종료되었습니다.
